exports[`<App/> renders without crashing 1`] = `
<div
  className="container">
  <NotifyScrollPosition
    loadStrategy="default" />
</div>
`;
